# serializer version: 1
# name: test_process_domains[False]
  list([
    tuple(
      'example.com',
      list([
        'example.com',
        'abc.example.com',
        'xyz.example.com',
      ]),
    ),
    tuple(
      'example.net',
      list([
        '0.a.b.c.example.net',
        '1.a.b.c.example.net',
        '2.a.b.c.example.net',
      ]),
    ),
    tuple(
      'example.org',
      list([
        'example.org',
        'sub0.example.org',
        'sub1.example.org',
        'sub2.example.org',
        '0.sub2.example.org',
        '1.sub2.example.org',
        'x.1.sub2.example.org',
        'y.1.sub2.example.org',
        'z.1.sub2.example.org',
      ]),
    ),
    tuple(
      'test0.localhost',
      list([
        'test0.localhost',
      ]),
    ),
    tuple(
      'test1.localhost',
      list([
        'a.test1.localhost',
        'b.test1.localhost',
      ]),
    ),
  ])
# ---
# name: test_process_domains[True]
  list([
    tuple(
      'example.com',
      list([
        'example.com',
        '*.example.com',
      ]),
    ),
    tuple(
      'example.net',
      list([
        '*.a.b.c.example.net',
      ]),
    ),
    tuple(
      'example.org',
      list([
        'example.org',
        '*.example.org',
        '*.sub2.example.org',
        '*.1.sub2.example.org',
      ]),
    ),
    tuple(
      'test0.localhost',
      list([
        'test0.localhost',
      ]),
    ),
    tuple(
      'test1.localhost',
      list([
        '*.test1.localhost',
      ]),
    ),
  ])
# ---
